0 verbose cli /usr/bin/node /usr/bin/npm
1 info using npm@10.9.8
2 info using node@v22.23.2
3 silly config load:file:/usr/lib/node_modules/npm/npmrc
4 silly config load:file:/home/lidas/creator-onboarding/.npmrc
5 silly config load:file:/home/lidas/.npmrc
6 silly config load:file:/usr/etc/npmrc
7 verbose title npm ls playwright
8 verbose argv "ls" "playwright"
9 verbose logfile logs-max:10 dir:/home/lidas/.npm/_logs/2026-09-03T18_48_29_425Z-
10 verbose logfile /home/lidas/.npm/_logs/2026-09-03T18_48_29_425Z-debug-0.log
11 silly logfile start cleaning logs, removing 1 files
12 silly packumentCache heap:2197815296 maxSize:549453824 maxEntrySize:274726912
13 silly logfile done cleaning log files
14 verbose cwd /home/lidas/creator-onboarding
15 verbose os Linux 6.18.33.2-microsoft-standard-WSL2
16 verbose node v22.23.2
17 verbose npm  v10.9.8
18 verbose exit 1
19 verbose code 1
